/////////////////////////////////////////////////////////////

DEMO_TEST1.C

Integers ops...
112 12
100 12
1200 12
100 12
100 193

Char ops...
b b
b c
b f

Float ops...
-55.43799591 -67.76999664
12.33200073 -67.76999664
-835.73962402 -67.76999664
12.33200073 -67.76999664
12.33200073 29.16596985

Short ops...
7 4
3 4
12 4
3 4
3 7

Mixed ops...
112 193 b f 12.33200073 29.16596985 3 7
112 193 b f 0.06389638 29.16596985 3 7
112 193 # f 0.06389638 29.16596985 3 7
112 193 # f 0.06389638 7.43337250 3 7

/////////////////////////////////////////////////////////////

DEMO_TEST2.C

a : 10, c : 4, p : 33.44770813
b : 72, c : 4, q : 10.00000000
a : 10, c : 4, p : 72.00000000
b : 134, c : 4, p : 72.00000000

/////////////////////////////////////////////////////////////

DEMO_TEST3.C

1 3 3 4 5 
2.29999995 1.42999995 1.42999995 2.32200003 
1 1 3 4 5 
2.29999995 3.00000000 1.42999995 2.32200003 

/////////////////////////////////////////////////////////////

DEMO_TEST4.C

8
0 0 0 0 
Control should reach here

/////////////////////////////////////////////////////////////

DEMO_TEST5.C

Factorial of 0 = 1
Factorial of 1 = 1
Factorial of 2 = 2
Factorial of 3 = 6
Factorial of 4 = 24
Factorial of 5 = 120
Factorial of 6 = 720
Factorial of 7 = 5040
Factorial of 8 = 40320
Factorial of 9 = 362880
Factorial of 10 = 3628800

/////////////////////////////////////////////////////////////

DEMO_TEST6.C

hello world
a = "hello", strlen(a) = 5
b = "world", strlen(b) = 5
strcmp("hello", "world") = -15
strupr(a) = "HELLO", retval = 5
strupr(b) = "WORLD", retval = 5
strlwr(a) = "hello", retval = 5
strlwr(b) = "world", retval = 5
strcat(a, b) = 5, a = "helloworld", b = "world"
strcpy(a, b) = 5, a = "world", b = "world"
strcpy(a, "abcdefghijklmnop") = 16, a = "abcdefghijklmnop"
strncpy(a, b) = 2, a = "wocdefghijklmnop", b = "world"
strrev(a) = "ponmlkjihgfedcow"

//////////////////////////////////////////////////////////////

DEMO_TEST7.C

Absolute of -123 = 123
Factorial/Fibo no. -2 = 0 : -1
Factorial/Fibo no. -1 = 0 : 1
Factorial/Fibo no. 0 = 1 : 0
Factorial/Fibo no. 1 = 1 : 1
Factorial/Fibo no. 2 = 2 : 1
Factorial/Fibo no. 3 = 6 : 2
Factorial/Fibo no. 4 = 24 : 3
Factorial/Fibo no. 5 = 120 : 5
Factorial/Fibo no. 6 = 720 : 8
Factorial/Fibo no. 7 = 5040 : 13
Factorial/Fibo no. 8 = 40320 : 21
Factorial/Fibo no. 9 = 362880 : 34
Factorial/Fibo no. 10 = 3628800 : 55

23.29999924 raised to power 3 = 12649.33593750
23.29999924 raised to power -3 = 0.00007906

Absolute of -23.10000038 = 23.10000038

Sqrt of 23.10000038 = 4.80624580

Sqrt of 12.19999981 = 198789.10937500

///////////////////////////////////////////////////////////////

DEMO_TEST8.C

0 1 2 3 4 
1 2 3 4 5 
2 3 4 5 6 
3 4 5 6 7 
4 5 6 7 8

///////////////////////////////////////////////////////////////

DEMO_TEST9.C

12222
a = "12222", g5_atoi(a) = 12222
x = "0x10020000"
x = "0x10020014"
x = "0x00000000"
x = "0x00000000"
x = "0x10020028"
x = "0x1002008c"
x = "0x00000000"
x = "0x00000000"

////////////////////////////////////////////////////////////////

DEMO_TEST10.C

Simple file I/O

////////////////////////////////////////////////////////////////

DEMO_TEST11.C

3 7 7.00000000

////////////////////////////////////////////////////////////////

DEMO_TEST12.C

Simple DFS path print

////////////////////////////////////////////////////////////////

DEMO_TEST13.C

*0x7fffefc8 = 23 (23)
42
**0x7fffefbc = 333 (333)

////////////////////////////////////////////////////////////////